
         /\      Grafana   /‾‾/  
    /\  /  \     |\  __   /  /   
   /  \/    \    | |/ /  /   ‾‾\ 
  /          \   |   (  |  (‾)  |
 / __________ \  |_|\_\  \_____/ 


     execution: local
        script: /scripts/k6-money-path.js
        output: -

     scenarios: (100.00%) 1 scenario, 24 max VUs, 3m0s max duration (incl. graceful stop):
              * default: Up to 24 looping VUs for 2m30s over 2 stages (gracefulRampDown: 30s, gracefulStop: 30s)


running (0m01.0s), 01/24 VUs, 3 complete and 0 interrupted iterations
default   [   1% ] 01/24 VUs  0m01.0s/2m30.0s

running (0m02.0s), 02/24 VUs, 9 complete and 0 interrupted iterations
default   [   1% ] 02/24 VUs  0m02.0s/2m30.0s

running (0m03.0s), 03/24 VUs, 17 complete and 0 interrupted iterations
default   [   2% ] 03/24 VUs  0m03.0s/2m30.0s

running (0m04.0s), 04/24 VUs, 28 complete and 0 interrupted iterations
default   [   3% ] 04/24 VUs  0m04.0s/2m30.0s

running (0m05.0s), 04/24 VUs, 41 complete and 0 interrupted iterations
default   [   3% ] 04/24 VUs  0m05.0s/2m30.0s

running (0m06.0s), 05/24 VUs, 58 complete and 0 interrupted iterations
default   [   4% ] 05/24 VUs  0m06.0s/2m30.0s

running (0m07.0s), 06/24 VUs, 78 complete and 0 interrupted iterations
default   [   5% ] 06/24 VUs  0m07.0s/2m30.0s

running (0m08.0s), 07/24 VUs, 100 complete and 0 interrupted iterations
default   [   5% ] 07/24 VUs  0m08.0s/2m30.0s

running (0m09.0s), 07/24 VUs, 126 complete and 0 interrupted iterations
default   [   6% ] 07/24 VUs  0m09.0s/2m30.0s

running (0m10.0s), 08/24 VUs, 154 complete and 0 interrupted iterations
default   [   7% ] 08/24 VUs  0m10.0s/2m30.0s

running (0m11.0s), 09/24 VUs, 185 complete and 0 interrupted iterations
default   [   7% ] 09/24 VUs  0m11.0s/2m30.0s

running (0m12.0s), 10/24 VUs, 217 complete and 0 interrupted iterations
default   [   8% ] 10/24 VUs  0m12.0s/2m30.0s

running (0m13.0s), 10/24 VUs, 255 complete and 0 interrupted iterations
default   [   9% ] 10/24 VUs  0m13.0s/2m30.0s

running (0m14.0s), 11/24 VUs, 293 complete and 0 interrupted iterations
default   [   9% ] 11/24 VUs  0m14.0s/2m30.0s

running (0m15.0s), 12/24 VUs, 336 complete and 0 interrupted iterations
default   [  10% ] 12/24 VUs  0m15.0s/2m30.0s

running (0m16.0s), 13/24 VUs, 380 complete and 0 interrupted iterations
default   [  11% ] 13/24 VUs  0m16.0s/2m30.0s

running (0m17.0s), 14/24 VUs, 426 complete and 0 interrupted iterations
default   [  11% ] 14/24 VUs  0m17.0s/2m30.0s

running (0m18.0s), 14/24 VUs, 478 complete and 0 interrupted iterations
default   [  12% ] 14/24 VUs  0m18.0s/2m30.0s

running (0m19.0s), 15/24 VUs, 530 complete and 0 interrupted iterations
default   [  13% ] 15/24 VUs  0m19.0s/2m30.0s

running (0m20.0s), 16/24 VUs, 587 complete and 0 interrupted iterations
default   [  13% ] 16/24 VUs  0m20.0s/2m30.0s

running (0m21.0s), 17/24 VUs, 646 complete and 0 interrupted iterations
default   [  14% ] 17/24 VUs  0m21.0s/2m30.0s

running (0m22.0s), 17/24 VUs, 707 complete and 0 interrupted iterations
default   [  15% ] 17/24 VUs  0m22.0s/2m30.0s

running (0m23.0s), 18/24 VUs, 771 complete and 0 interrupted iterations
default   [  15% ] 18/24 VUs  0m23.0s/2m30.0s

running (0m24.0s), 19/24 VUs, 838 complete and 0 interrupted iterations
default   [  16% ] 19/24 VUs  0m24.0s/2m30.0s

running (0m25.0s), 20/24 VUs, 906 complete and 0 interrupted iterations
default   [  17% ] 20/24 VUs  0m25.0s/2m30.0s

running (0m26.0s), 20/24 VUs, 979 complete and 0 interrupted iterations
default   [  17% ] 20/24 VUs  0m26.0s/2m30.0s

running (0m27.0s), 21/24 VUs, 1054 complete and 0 interrupted iterations
default   [  18% ] 21/24 VUs  0m27.0s/2m30.0s

running (0m28.0s), 22/24 VUs, 1133 complete and 0 interrupted iterations
default   [  19% ] 22/24 VUs  0m28.0s/2m30.0s

running (0m29.0s), 23/24 VUs, 1214 complete and 0 interrupted iterations
default   [  19% ] 23/24 VUs  0m29.0s/2m30.0s

running (0m30.0s), 23/24 VUs, 1298 complete and 0 interrupted iterations
default   [  20% ] 23/24 VUs  0m30.0s/2m30.0s

running (0m29.4s), 24/24 VUs, 1385 complete and 0 interrupted iterations
default   [  21% ] 24/24 VUs  0m31.0s/2m30.0s

running (0m30.4s), 24/24 VUs, 1473 complete and 0 interrupted iterations
default   [  21% ] 24/24 VUs  0m32.0s/2m30.0s

running (0m31.4s), 24/24 VUs, 1560 complete and 0 interrupted iterations
default   [  22% ] 24/24 VUs  0m33.0s/2m30.0s

running (0m32.4s), 24/24 VUs, 1648 complete and 0 interrupted iterations
default   [  23% ] 24/24 VUs  0m34.0s/2m30.0s

running (0m33.4s), 24/24 VUs, 1734 complete and 0 interrupted iterations
default   [  23% ] 24/24 VUs  0m35.0s/2m30.0s

running (0m34.4s), 24/24 VUs, 1822 complete and 0 interrupted iterations
default   [  24% ] 24/24 VUs  0m36.0s/2m30.0s

running (0m35.4s), 24/24 VUs, 1912 complete and 0 interrupted iterations
default   [  25% ] 24/24 VUs  0m37.0s/2m30.0s

running (0m36.4s), 24/24 VUs, 1996 complete and 0 interrupted iterations
default   [  25% ] 24/24 VUs  0m38.0s/2m30.0s

running (0m37.4s), 24/24 VUs, 2086 complete and 0 interrupted iterations
default   [  26% ] 24/24 VUs  0m39.0s/2m30.0s

running (0m38.4s), 24/24 VUs, 2174 complete and 0 interrupted iterations
default   [  27% ] 24/24 VUs  0m40.0s/2m30.0s

running (0m39.4s), 24/24 VUs, 2260 complete and 0 interrupted iterations
default   [  27% ] 24/24 VUs  0m41.0s/2m30.0s

running (0m40.4s), 24/24 VUs, 2350 complete and 0 interrupted iterations
default   [  28% ] 24/24 VUs  0m42.0s/2m30.0s

running (0m41.4s), 24/24 VUs, 2438 complete and 0 interrupted iterations
default   [  29% ] 24/24 VUs  0m43.0s/2m30.0s

running (0m42.4s), 24/24 VUs, 2524 complete and 0 interrupted iterations
default   [  29% ] 24/24 VUs  0m44.0s/2m30.0s

running (0m43.4s), 24/24 VUs, 2613 complete and 0 interrupted iterations
default   [  30% ] 24/24 VUs  0m45.0s/2m30.0s

running (0m44.4s), 24/24 VUs, 2701 complete and 0 interrupted iterations
default   [  31% ] 24/24 VUs  0m46.0s/2m30.0s

running (0m45.4s), 24/24 VUs, 2788 complete and 0 interrupted iterations
default   [  31% ] 24/24 VUs  0m47.0s/2m30.0s

running (0m46.4s), 24/24 VUs, 2876 complete and 0 interrupted iterations
default   [  32% ] 24/24 VUs  0m48.0s/2m30.0s

running (0m47.4s), 24/24 VUs, 2962 complete and 0 interrupted iterations
default   [  33% ] 24/24 VUs  0m49.0s/2m30.0s

running (0m48.4s), 24/24 VUs, 3050 complete and 0 interrupted iterations
default   [  33% ] 24/24 VUs  0m50.0s/2m30.0s

running (0m49.4s), 24/24 VUs, 3138 complete and 0 interrupted iterations
default   [  34% ] 24/24 VUs  0m51.0s/2m30.0s

running (0m50.4s), 24/24 VUs, 3225 complete and 0 interrupted iterations
default   [  35% ] 24/24 VUs  0m52.0s/2m30.0s

running (0m51.4s), 24/24 VUs, 3313 complete and 0 interrupted iterations
default   [  35% ] 24/24 VUs  0m53.0s/2m30.0s

running (0m52.4s), 24/24 VUs, 3399 complete and 0 interrupted iterations
default   [  36% ] 24/24 VUs  0m54.0s/2m30.0s

running (0m53.4s), 24/24 VUs, 3486 complete and 0 interrupted iterations
default   [  37% ] 24/24 VUs  0m55.0s/2m30.0s

running (0m54.4s), 24/24 VUs, 3574 complete and 0 interrupted iterations
default   [  37% ] 24/24 VUs  0m56.0s/2m30.0s

running (0m55.4s), 24/24 VUs, 3663 complete and 0 interrupted iterations
default   [  38% ] 24/24 VUs  0m57.0s/2m30.0s

running (0m56.4s), 24/24 VUs, 3752 complete and 0 interrupted iterations
default   [  39% ] 24/24 VUs  0m58.0s/2m30.0s

running (0m57.4s), 24/24 VUs, 3839 complete and 0 interrupted iterations
default   [  39% ] 24/24 VUs  0m59.0s/2m30.0s

running (0m58.4s), 24/24 VUs, 3928 complete and 0 interrupted iterations
default   [  40% ] 24/24 VUs  1m00.0s/2m30.0s

running (0m59.4s), 24/24 VUs, 4017 complete and 0 interrupted iterations
default   [  41% ] 24/24 VUs  1m01.0s/2m30.0s

running (1m00.4s), 24/24 VUs, 4105 complete and 0 interrupted iterations
default   [  41% ] 24/24 VUs  1m02.0s/2m30.0s

running (0m59.9s), 24/24 VUs, 4195 complete and 0 interrupted iterations
default   [  42% ] 24/24 VUs  1m03.0s/2m30.0s

running (1m00.9s), 24/24 VUs, 4283 complete and 0 interrupted iterations
default   [  43% ] 24/24 VUs  1m04.0s/2m30.0s

running (1m01.9s), 24/24 VUs, 4372 complete and 0 interrupted iterations
default   [  43% ] 24/24 VUs  1m05.0s/2m30.0s

running (1m02.9s), 24/24 VUs, 4460 complete and 0 interrupted iterations
default   [  44% ] 24/24 VUs  1m06.0s/2m30.0s

running (1m03.9s), 24/24 VUs, 4551 complete and 0 interrupted iterations
default   [  45% ] 24/24 VUs  1m07.0s/2m30.0s

running (1m04.9s), 24/24 VUs, 4639 complete and 0 interrupted iterations
default   [  45% ] 24/24 VUs  1m08.0s/2m30.0s

running (1m05.9s), 24/24 VUs, 4727 complete and 0 interrupted iterations
default   [  46% ] 24/24 VUs  1m09.0s/2m30.0s

running (1m06.9s), 24/24 VUs, 4816 complete and 0 interrupted iterations
default   [  47% ] 24/24 VUs  1m10.0s/2m30.0s

running (1m07.9s), 24/24 VUs, 4905 complete and 0 interrupted iterations
default   [  47% ] 24/24 VUs  1m11.0s/2m30.0s

running (1m08.9s), 24/24 VUs, 4993 complete and 0 interrupted iterations
default   [  48% ] 24/24 VUs  1m12.0s/2m30.0s

running (1m09.9s), 24/24 VUs, 5080 complete and 0 interrupted iterations
default   [  49% ] 24/24 VUs  1m13.0s/2m30.0s

running (1m10.9s), 24/24 VUs, 5171 complete and 0 interrupted iterations
default   [  49% ] 24/24 VUs  1m14.0s/2m30.0s

running (1m11.9s), 24/24 VUs, 5257 complete and 0 interrupted iterations
default   [  50% ] 24/24 VUs  1m15.0s/2m30.0s

running (1m12.9s), 24/24 VUs, 5348 complete and 0 interrupted iterations
default   [  51% ] 24/24 VUs  1m16.0s/2m30.0s

running (1m13.9s), 24/24 VUs, 5437 complete and 0 interrupted iterations
default   [  51% ] 24/24 VUs  1m17.0s/2m30.0s

running (1m14.9s), 24/24 VUs, 5525 complete and 0 interrupted iterations
default   [  52% ] 24/24 VUs  1m18.0s/2m30.0s

running (1m15.9s), 24/24 VUs, 5612 complete and 0 interrupted iterations
default   [  53% ] 24/24 VUs  1m19.0s/2m30.0s

running (1m16.9s), 24/24 VUs, 5703 complete and 0 interrupted iterations
default   [  53% ] 24/24 VUs  1m20.0s/2m30.0s

running (1m17.9s), 24/24 VUs, 5793 complete and 0 interrupted iterations
default   [  54% ] 24/24 VUs  1m21.0s/2m30.0s

running (1m18.9s), 24/24 VUs, 5877 complete and 0 interrupted iterations
default   [  55% ] 24/24 VUs  1m22.0s/2m30.0s

running (1m19.9s), 24/24 VUs, 5968 complete and 0 interrupted iterations
default   [  55% ] 24/24 VUs  1m23.0s/2m30.0s

running (1m20.9s), 24/24 VUs, 6057 complete and 0 interrupted iterations
default   [  56% ] 24/24 VUs  1m24.0s/2m30.0s

running (1m21.9s), 24/24 VUs, 6143 complete and 0 interrupted iterations
default   [  57% ] 24/24 VUs  1m25.0s/2m30.0s

running (1m22.9s), 24/24 VUs, 6232 complete and 0 interrupted iterations
default   [  57% ] 24/24 VUs  1m26.0s/2m30.0s

running (1m23.9s), 24/24 VUs, 6323 complete and 0 interrupted iterations
default   [  58% ] 24/24 VUs  1m27.0s/2m30.0s

running (1m24.9s), 24/24 VUs, 6409 complete and 0 interrupted iterations
default   [  59% ] 24/24 VUs  1m28.0s/2m30.0s

running (1m25.9s), 24/24 VUs, 6496 complete and 0 interrupted iterations
default   [  59% ] 24/24 VUs  1m29.0s/2m30.0s

running (1m26.9s), 24/24 VUs, 6587 complete and 0 interrupted iterations
default   [  60% ] 24/24 VUs  1m30.0s/2m30.0s

running (1m27.9s), 24/24 VUs, 6674 complete and 0 interrupted iterations
default   [  61% ] 24/24 VUs  1m31.0s/2m30.0s

running (1m28.9s), 24/24 VUs, 6764 complete and 0 interrupted iterations
default   [  61% ] 24/24 VUs  1m32.0s/2m30.0s

running (1m29.9s), 24/24 VUs, 6855 complete and 0 interrupted iterations
default   [  62% ] 24/24 VUs  1m33.0s/2m30.0s

running (1m30.9s), 24/24 VUs, 6940 complete and 0 interrupted iterations
default   [  63% ] 24/24 VUs  1m34.0s/2m30.0s

running (1m30.2s), 24/24 VUs, 7028 complete and 0 interrupted iterations
default   [  63% ] 24/24 VUs  1m35.0s/2m30.0s

running (1m31.2s), 24/24 VUs, 7120 complete and 0 interrupted iterations
default   [  64% ] 24/24 VUs  1m36.0s/2m30.0s

running (1m32.2s), 24/24 VUs, 7207 complete and 0 interrupted iterations
default   [  65% ] 24/24 VUs  1m37.0s/2m30.0s

running (1m33.2s), 24/24 VUs, 7295 complete and 0 interrupted iterations
default   [  65% ] 24/24 VUs  1m38.0s/2m30.0s

running (1m34.2s), 24/24 VUs, 7384 complete and 0 interrupted iterations
default   [  66% ] 24/24 VUs  1m39.0s/2m30.0s

running (1m35.2s), 24/24 VUs, 7473 complete and 0 interrupted iterations
default   [  67% ] 24/24 VUs  1m40.0s/2m30.0s

running (1m36.2s), 24/24 VUs, 7561 complete and 0 interrupted iterations
default   [  67% ] 24/24 VUs  1m41.0s/2m30.0s

running (1m37.2s), 24/24 VUs, 7651 complete and 0 interrupted iterations
default   [  68% ] 24/24 VUs  1m42.0s/2m30.0s

running (1m38.2s), 24/24 VUs, 7737 complete and 0 interrupted iterations
default   [  69% ] 24/24 VUs  1m43.0s/2m30.0s

running (1m39.2s), 24/24 VUs, 7826 complete and 0 interrupted iterations
default   [  69% ] 24/24 VUs  1m44.0s/2m30.0s

running (1m40.2s), 24/24 VUs, 7916 complete and 0 interrupted iterations
default   [  70% ] 24/24 VUs  1m45.0s/2m30.0s

running (1m41.2s), 24/24 VUs, 8001 complete and 0 interrupted iterations
default   [  71% ] 24/24 VUs  1m46.0s/2m30.0s

running (1m42.2s), 24/24 VUs, 8091 complete and 0 interrupted iterations
default   [  71% ] 24/24 VUs  1m47.0s/2m30.0s

running (1m43.2s), 24/24 VUs, 8180 complete and 0 interrupted iterations
default   [  72% ] 24/24 VUs  1m48.0s/2m30.0s

running (1m44.2s), 24/24 VUs, 8269 complete and 0 interrupted iterations
default   [  73% ] 24/24 VUs  1m49.0s/2m30.0s

running (1m45.2s), 24/24 VUs, 8355 complete and 0 interrupted iterations
default   [  73% ] 24/24 VUs  1m50.0s/2m30.0s

running (1m46.2s), 24/24 VUs, 8444 complete and 0 interrupted iterations
default   [  74% ] 24/24 VUs  1m51.0s/2m30.0s

running (1m47.2s), 24/24 VUs, 8535 complete and 0 interrupted iterations
default   [  75% ] 24/24 VUs  1m52.0s/2m30.0s

running (1m48.2s), 24/24 VUs, 8623 complete and 0 interrupted iterations
default   [  75% ] 24/24 VUs  1m53.0s/2m30.0s

running (1m49.2s), 24/24 VUs, 8711 complete and 0 interrupted iterations
default   [  76% ] 24/24 VUs  1m54.0s/2m30.0s

running (1m50.2s), 24/24 VUs, 8799 complete and 0 interrupted iterations
default   [  77% ] 24/24 VUs  1m55.0s/2m30.0s

running (1m51.2s), 24/24 VUs, 8888 complete and 0 interrupted iterations
default   [  77% ] 24/24 VUs  1m56.0s/2m30.0s

running (1m52.2s), 24/24 VUs, 8978 complete and 0 interrupted iterations
default   [  78% ] 24/24 VUs  1m57.0s/2m30.0s

running (1m53.2s), 24/24 VUs, 9066 complete and 0 interrupted iterations
default   [  79% ] 24/24 VUs  1m58.0s/2m30.0s

running (1m54.2s), 24/24 VUs, 9153 complete and 0 interrupted iterations
default   [  79% ] 24/24 VUs  1m59.0s/2m30.0s

running (1m55.2s), 24/24 VUs, 9243 complete and 0 interrupted iterations
default   [  80% ] 24/24 VUs  2m00.0s/2m30.0s

running (1m56.2s), 24/24 VUs, 9332 complete and 0 interrupted iterations
default   [  81% ] 24/24 VUs  2m01.0s/2m30.0s

running (1m57.2s), 24/24 VUs, 9421 complete and 0 interrupted iterations
default   [  81% ] 24/24 VUs  2m02.0s/2m30.0s

running (1m58.2s), 24/24 VUs, 9507 complete and 0 interrupted iterations
default   [  82% ] 24/24 VUs  2m03.0s/2m30.0s

running (1m59.2s), 24/24 VUs, 9596 complete and 0 interrupted iterations
default   [  83% ] 24/24 VUs  2m04.0s/2m30.0s

running (2m00.2s), 24/24 VUs, 9687 complete and 0 interrupted iterations
default   [  83% ] 24/24 VUs  2m05.0s/2m30.0s

running (2m01.2s), 24/24 VUs, 9775 complete and 0 interrupted iterations
default   [  84% ] 24/24 VUs  2m06.0s/2m30.0s

running (2m00.7s), 24/24 VUs, 9863 complete and 0 interrupted iterations
default   [  85% ] 24/24 VUs  2m07.0s/2m30.0s

running (2m01.7s), 24/24 VUs, 9951 complete and 0 interrupted iterations
default   [  85% ] 24/24 VUs  2m08.0s/2m30.0s

running (2m02.7s), 24/24 VUs, 10039 complete and 0 interrupted iterations
default   [  86% ] 24/24 VUs  2m09.0s/2m30.0s

running (2m03.7s), 24/24 VUs, 10130 complete and 0 interrupted iterations
default   [  87% ] 24/24 VUs  2m10.0s/2m30.0s

running (2m04.7s), 24/24 VUs, 10215 complete and 0 interrupted iterations
default   [  87% ] 24/24 VUs  2m11.0s/2m30.0s

running (2m05.7s), 24/24 VUs, 10305 complete and 0 interrupted iterations
default   [  88% ] 24/24 VUs  2m12.0s/2m30.0s

running (2m06.7s), 24/24 VUs, 10394 complete and 0 interrupted iterations
default   [  89% ] 24/24 VUs  2m13.0s/2m30.0s

running (2m07.7s), 24/24 VUs, 10482 complete and 0 interrupted iterations
default   [  89% ] 24/24 VUs  2m14.0s/2m30.0s

running (2m08.7s), 24/24 VUs, 10569 complete and 0 interrupted iterations
default   [  90% ] 24/24 VUs  2m15.0s/2m30.0s

running (2m09.7s), 24/24 VUs, 10658 complete and 0 interrupted iterations
default   [  91% ] 24/24 VUs  2m16.0s/2m30.0s

running (2m10.7s), 24/24 VUs, 10748 complete and 0 interrupted iterations
default   [  91% ] 24/24 VUs  2m17.0s/2m30.0s

running (2m11.7s), 24/24 VUs, 10833 complete and 0 interrupted iterations
default   [  92% ] 24/24 VUs  2m18.0s/2m30.0s

running (2m12.7s), 24/24 VUs, 10923 complete and 0 interrupted iterations
default   [  93% ] 24/24 VUs  2m19.0s/2m30.0s

running (2m13.7s), 24/24 VUs, 11012 complete and 0 interrupted iterations
default   [  93% ] 24/24 VUs  2m20.0s/2m30.0s

running (2m14.7s), 24/24 VUs, 11101 complete and 0 interrupted iterations
default   [  94% ] 24/24 VUs  2m21.0s/2m30.0s

running (2m15.7s), 24/24 VUs, 11191 complete and 0 interrupted iterations
default   [  95% ] 24/24 VUs  2m22.0s/2m30.0s

running (2m16.7s), 24/24 VUs, 11279 complete and 0 interrupted iterations
default   [  95% ] 24/24 VUs  2m23.0s/2m30.0s

running (2m17.7s), 24/24 VUs, 11365 complete and 0 interrupted iterations
default   [  96% ] 24/24 VUs  2m24.0s/2m30.0s

running (2m18.7s), 24/24 VUs, 11455 complete and 0 interrupted iterations
default   [  97% ] 24/24 VUs  2m25.0s/2m30.0s

running (2m19.7s), 24/24 VUs, 11546 complete and 0 interrupted iterations
default   [  97% ] 24/24 VUs  2m26.0s/2m30.0s

running (2m20.7s), 24/24 VUs, 11634 complete and 0 interrupted iterations
default   [  98% ] 24/24 VUs  2m27.0s/2m30.0s

running (2m21.7s), 24/24 VUs, 11721 complete and 0 interrupted iterations
default   [  99% ] 24/24 VUs  2m28.0s/2m30.0s

running (2m22.7s), 24/24 VUs, 11810 complete and 0 interrupted iterations
default   [  99% ] 24/24 VUs  2m29.0s/2m30.0s

running (2m23.7s), 24/24 VUs, 11900 complete and 0 interrupted iterations
default   [ 100% ] 24/24 VUs  2m30.0s/2m30.0s


  █ THRESHOLDS 

    checks
    ✓ 'rate>0.99' rate=100.00%

    http_req_duration
    ✓ 'p(95)<1000' p(95)=13.94ms

      {name:confirm}
      ✓ 'p(95)<100' p(95)=2.58ms

      {name:create}
      ✓ 'p(95)<250' p(95)=17.08ms

      {name:pay}
      ✓ 'p(95)<250' p(95)=987.61µs

      {name:replay}
      ✓ 'p(95)<250' p(95)=3.04ms


  █ TOTAL RESULTS 

    checks_total.......: 83468   580.009349/s
    checks_succeeded...: 100.00% 83468 out of 83468
    checks_failed......: 0.00%   0 out of 83468

    ✓ create 201
    ✓ create has txid
    ✓ replay 201 + Idempotent-Replay
    ✓ pay 200
    ✓ confirm GET http 200/404
    ✓ confirm CONFIRMED within deadline

    CUSTOM
    confirm_roundtrip_ms...........: avg=52.21ms  min=-1558000000ns med=55ms     max=62ms     p(90)=56ms     p(95)=56ms    

    HTTP
    http_req_duration..............: avg=4.03ms   min=65.92µs       med=2.06ms   max=50.64ms  p(90)=12.58ms  p(95)=13.94ms 
      { expected_response:true }...: avg=4.03ms   min=65.92µs       med=2.06ms   max=50.64ms  p(90)=12.58ms  p(95)=13.94ms 
      { name:confirm }.............: avg=1.97ms   min=71.78µs       med=1.9ms    max=8.84ms   p(90)=2.38ms   p(95)=2.58ms  
      { name:create }..............: avg=13.01ms  min=65.92µs       med=12.58ms  max=50.64ms  p(90)=15.82ms  p(95)=17.08ms 
      { name:pay }.................: avg=772.65µs min=390.03µs      med=749.59µs max=6.14ms   p(90)=919.69µs p(95)=987.61µs
      { name:replay }..............: avg=2.45ms   min=1.67ms        med=2.39ms   max=10.12ms  p(90)=2.86ms   p(95)=3.04ms  
    http_req_failed................: 0.00% 0 out of 59620
    http_reqs......................: 59620 414.292392/s

    EXECUTION
    iteration_duration.............: avg=271.95ms min=266.67ms      med=271.38ms max=309.43ms p(90)=275.38ms p(95)=276.89ms
    iterations.....................: 11924 82.858478/s
    vus............................: 24    min=1          max=24
    vus_max........................: 24    min=24         max=24

    NETWORK
    data_received..................: 40 MB 276 kB/s
    data_sent......................: 14 MB 96 kB/s




running (2m23.9s), 00/24 VUs, 11924 complete and 0 interrupted iterations
default ✓ [ 100% ] 00/24 VUs  2m30s
